// Jest Snapshot v1, https://goo.gl/fbAQLP

exports[`selectors selectors.selectLuke return luke 1`] = `
Object {
  "from": "Swapi",
  "name": "Luke Skywalker",
}
`;
